// Jest Snapshot v1, https://goo.gl/fbAQLP

exports[`components NotFound should match snapshot 1`] = `ShallowWrapper {}`;
