// Jest Snapshot v1, https://goo.gl/fbAQLP

exports[`components Header should match snapshot 1`] = `ShallowWrapper {}`;
