// Jest Snapshot v1, https://goo.gl/fbAQLP

exports[`components Sidebar should match snapshot 1`] = `ShallowWrapper {}`;
